 
****************************************
Report : isolation_cell
Design : accel_top
Version: V-2023.12-SP4
Date   : Fri May 29 16:25:58 2026
****************************************

------------------------------------------------------------------------------------------------------------------------------------------------

 Power Domain  :  PD_COMPUTE

=========================================================================================================================
| Port                   | Boundary | Port Dir.| ISO Cell Name                | ISO Lib Cell       | ISO Strategy       |
=========================================================================================================================
| u_compute/busy         | LowConn  | Out      | snps_PD_COMPUTE__ISO_COMPUTE_OUT_snps_busy_UPF_ISO
                                                                              | LSUPENCLX1_RVT     | ISO_COMPUTE_OUT    |
| u_compute/result_data[144]
                         | LowConn  | Out      | snps_PD_COMPUTE__ISO_COMPUTE_OUT_snps_result_data[144]_UPF_ISO
                                                                              | LSUPENCLX1_RVT     | ISO_COMPUTE_OUT    |
| u_compute/result_data[151]
                         | LowConn  | Out      | snps_PD_COMPUTE__ISO_COMPUTE_OUT_snps_result_data[151]_UPF_ISO
                                                                              | LSUPENCLX1_RVT     | ISO_COMPUTE_OUT    |
| u_compute/result_data[185]
                         | LowConn  | Out      | snps_PD_COMPUTE__ISO_COMPUTE_OUT_snps_result_data[185]_UPF_ISO
                                                                              | LSUPENCLX1_RVT     | ISO_COMPUTE_OUT    |
| u_compute/result_data[204]
                         | LowConn  | Out      | snps_PD_COMPUTE__ISO_COMPUTE_OUT_snps_result_data[204]_UPF_ISO
                                                                              | LSUPENCLX1_RVT     | ISO_COMPUTE_OUT    |
| u_compute/result_data[209]
                         | LowConn  | Out      | snps_PD_COMPUTE__ISO_COMPUTE_OUT_snps_result_data[209]_UPF_ISO
                                                                              | LSUPENCLX1_RVT     | ISO_COMPUTE_OUT    |
| u_compute/result_data[13]
                         | LowConn  | Out      | snps_PD_COMPUTE__ISO_COMPUTE_OUT_snps_result_data[13]_UPF_ISO
                                                                              | LSUPENCLX1_RVT     | ISO_COMPUTE_OUT    |
| u_compute/result_data[17]
                         | LowConn  | Out      | snps_PD_COMPUTE__ISO_COMPUTE_OUT_snps_result_data[17]_UPF_ISO
                                                                              | LSUPENCLX1_RVT     | ISO_COMPUTE_OUT    |
| u_compute/result_data[72]
                         | LowConn  | Out      | snps_PD_COMPUTE__ISO_COMPUTE_OUT_snps_result_data[72]_UPF_ISO
                                                                              | LSUPENCLX1_RVT     | ISO_COMPUTE_OUT    |
| u_compute/result_data[73]
                         | LowConn  | Out      | snps_PD_COMPUTE__ISO_COMPUTE_OUT_snps_result_data[73]_UPF_ISO
                                                                              | LSUPENCLX1_RVT     | ISO_COMPUTE_OUT    |
| u_compute/result_data[74]
                         | LowConn  | Out      | snps_PD_COMPUTE__ISO_COMPUTE_OUT_snps_result_data[74]_UPF_ISO
                                                                              | LSUPENCLX1_RVT     | ISO_COMPUTE_OUT    |
| u_compute/result_data[83]
                         | LowConn  | Out      | snps_PD_COMPUTE__ISO_COMPUTE_OUT_snps_result_data[83]_UPF_ISO
                                                                              | LSUPENCLX1_RVT     | ISO_COMPUTE_OUT    |
| u_compute/result_data[84]
                         | LowConn  | Out      | snps_PD_COMPUTE__ISO_COMPUTE_OUT_snps_result_data[84]_UPF_ISO
                                                                              | LSUPENCLX1_RVT     | ISO_COMPUTE_OUT    |
| u_compute/result_data[86]
                         | LowConn  | Out      | snps_PD_COMPUTE__ISO_COMPUTE_OUT_snps_result_data[86]_UPF_ISO
                                                                              | LSUPENCLX1_RVT     | ISO_COMPUTE_OUT    |
| u_compute/result_data[100]
                         | LowConn  | Out      | snps_PD_COMPUTE__ISO_COMPUTE_OUT_snps_result_data[100]_UPF_ISO
                                                                              | LSUPENCLX1_RVT     | ISO_COMPUTE_OUT    |
| u_compute/result_data[104]
                         | LowConn  | Out      | snps_PD_COMPUTE__ISO_COMPUTE_OUT_snps_result_data[104]_UPF_ISO
                                                                              | LSUPENCLX1_RVT     | ISO_COMPUTE_OUT    |
| u_compute/result_data[139]
                         | LowConn  | Out      | snps_PD_COMPUTE__ISO_COMPUTE_OUT_snps_result_data[139]_UPF_ISO
                                                                              | LSUPENCLX1_RVT     | ISO_COMPUTE_OUT    |
| u_compute/result_data[140]
                         | LowConn  | Out      | snps_PD_COMPUTE__ISO_COMPUTE_OUT_snps_result_data[140]_UPF_ISO
                                                                              | LSUPENCLX1_RVT     | ISO_COMPUTE_OUT    |
| u_compute/result_data[141]
                         | LowConn  | Out      | snps_PD_COMPUTE__ISO_COMPUTE_OUT_snps_result_data[141]_UPF_ISO
                                                                              | LSUPENCLX1_RVT     | ISO_COMPUTE_OUT    |
| u_compute/result_data[162]
                         | LowConn  | Out      | snps_PD_COMPUTE__ISO_COMPUTE_OUT_snps_result_data[162]_UPF_ISO
                                                                              | LSUPENCLX1_RVT     | ISO_COMPUTE_OUT    |
| u_compute/result_data[165]
                         | LowConn  | Out      | snps_PD_COMPUTE__ISO_COMPUTE_OUT_snps_result_data[165]_UPF_ISO
                                                                              | LSUPENCLX1_RVT     | ISO_COMPUTE_OUT    |
| u_compute/result_data[186]
                         | LowConn  | Out      | snps_PD_COMPUTE__ISO_COMPUTE_OUT_snps_result_data[186]_UPF_ISO
                                                                              | LSUPENCLX1_RVT     | ISO_COMPUTE_OUT    |
| u_compute/result_data[187]
                         | LowConn  | Out      | snps_PD_COMPUTE__ISO_COMPUTE_OUT_snps_result_data[187]_UPF_ISO
                                                                              | LSUPENCLX1_RVT     | ISO_COMPUTE_OUT    |
| u_compute/result_data[190]
                         | LowConn  | Out      | snps_PD_COMPUTE__ISO_COMPUTE_OUT_snps_result_data[190]_UPF_ISO
                                                                              | LSUPENCLX1_RVT     | ISO_COMPUTE_OUT    |
| u_compute/result_data[194]
                         | LowConn  | Out      | snps_PD_COMPUTE__ISO_COMPUTE_OUT_snps_result_data[194]_UPF_ISO
                                                                              | LSUPENCLX1_RVT     | ISO_COMPUTE_OUT    |
| u_compute/result_data[231]
                         | LowConn  | Out      | snps_PD_COMPUTE__ISO_COMPUTE_OUT_snps_result_data[231]_UPF_ISO
                                                                              | LSUPENCLX1_RVT     | ISO_COMPUTE_OUT    |
| u_compute/result_data[244]
                         | LowConn  | Out      | snps_PD_COMPUTE__ISO_COMPUTE_OUT_snps_result_data[244]_UPF_ISO
                                                                              | LSUPENCLX1_RVT     | ISO_COMPUTE_OUT    |
| u_compute/result_data[45]
                         | LowConn  | Out      | snps_PD_COMPUTE__ISO_COMPUTE_OUT_snps_result_data[45]_UPF_ISO
                                                                              | LSUPENCLX1_RVT     | ISO_COMPUTE_OUT    |
| u_compute/result_data[10]
                         | LowConn  | Out      | snps_PD_COMPUTE__ISO_COMPUTE_OUT_snps_result_data[10]_UPF_ISO
                                                                              | LSUPENCLX1_RVT     | ISO_COMPUTE_OUT    |
| u_compute/result_data[22]
                         | LowConn  | Out      | snps_PD_COMPUTE__ISO_COMPUTE_OUT_snps_result_data[22]_UPF_ISO
                                                                              | LSUPENCLX1_RVT     | ISO_COMPUTE_OUT    |
| u_compute/result_data[29]
                         | LowConn  | Out      | snps_PD_COMPUTE__ISO_COMPUTE_OUT_snps_result_data[29]_UPF_ISO
                                                                              | LSUPENCLX1_RVT     | ISO_COMPUTE_OUT    |
| u_compute/result_data[34]
                         | LowConn  | Out      | snps_PD_COMPUTE__ISO_COMPUTE_OUT_snps_result_data[34]_UPF_ISO
                                                                              | LSUPENCLX1_RVT     | ISO_COMPUTE_OUT    |
| u_compute/result_data[50]
                         | LowConn  | Out      | snps_PD_COMPUTE__ISO_COMPUTE_OUT_snps_result_data[50]_UPF_ISO
                                                                              | LSUPENCLX1_RVT     | ISO_COMPUTE_OUT    |
| u_compute/result_data[53]
                         | LowConn  | Out      | snps_PD_COMPUTE__ISO_COMPUTE_OUT_snps_result_data[53]_UPF_ISO
                                                                              | LSUPENCLX1_RVT     | ISO_COMPUTE_OUT    |
| u_compute/result_data[54]
                         | LowConn  | Out      | snps_PD_COMPUTE__ISO_COMPUTE_OUT_snps_result_data[54]_UPF_ISO
                                                                              | LSUPENCLX1_RVT     | ISO_COMPUTE_OUT    |
| u_compute/result_data[69]
                         | LowConn  | Out      | snps_PD_COMPUTE__ISO_COMPUTE_OUT_snps_result_data[69]_UPF_ISO
                                                                              | LSUPENCLX1_RVT     | ISO_COMPUTE_OUT    |
| u_compute/result_data[129]
                         | LowConn  | Out      | snps_PD_COMPUTE__ISO_COMPUTE_OUT_snps_result_data[129]_UPF_ISO
                                                                              | LSUPENCLX1_RVT     | ISO_COMPUTE_OUT    |
| u_compute/result_data[200]
                         | LowConn  | Out      | snps_PD_COMPUTE__ISO_COMPUTE_OUT_snps_result_data[200]_UPF_ISO
                                                                              | LSUPENCLX1_RVT     | ISO_COMPUTE_OUT    |
| u_compute/result_data[222]
                         | LowConn  | Out      | snps_PD_COMPUTE__ISO_COMPUTE_OUT_snps_result_data[222]_UPF_ISO
                                                                              | LSUPENCLX1_RVT     | ISO_COMPUTE_OUT    |
| u_compute/result_data[223]
                         | LowConn  | Out      | snps_PD_COMPUTE__ISO_COMPUTE_OUT_snps_result_data[223]_UPF_ISO
                                                                              | LSUPENCLX1_RVT     | ISO_COMPUTE_OUT    |
| u_compute/result_data[27]
                         | LowConn  | Out      | snps_PD_COMPUTE__ISO_COMPUTE_OUT_snps_result_data[27]_UPF_ISO
                                                                              | LSUPENCLX1_RVT     | ISO_COMPUTE_OUT    |
| u_compute/result_data[33]
                         | LowConn  | Out      | snps_PD_COMPUTE__ISO_COMPUTE_OUT_snps_result_data[33]_UPF_ISO
                                                                              | LSUPENCLX1_RVT     | ISO_COMPUTE_OUT    |
| u_compute/result_data[46]
                         | LowConn  | Out      | snps_PD_COMPUTE__ISO_COMPUTE_OUT_snps_result_data[46]_UPF_ISO
                                                                              | LSUPENCLX1_RVT     | ISO_COMPUTE_OUT    |
| u_compute/result_data[91]
                         | LowConn  | Out      | snps_PD_COMPUTE__ISO_COMPUTE_OUT_snps_result_data[91]_UPF_ISO
                                                                              | LSUPENCLX1_RVT     | ISO_COMPUTE_OUT    |
| u_compute/result_data[99]
                         | LowConn  | Out      | snps_PD_COMPUTE__ISO_COMPUTE_OUT_snps_result_data[99]_UPF_ISO
                                                                              | LSUPENCLX1_RVT     | ISO_COMPUTE_OUT    |
| u_compute/result_data[109]
                         | LowConn  | Out      | snps_PD_COMPUTE__ISO_COMPUTE_OUT_snps_result_data[109]_UPF_ISO
                                                                              | LSUPENCLX1_RVT     | ISO_COMPUTE_OUT    |
| u_compute/result_data[126]
                         | LowConn  | Out      | snps_PD_COMPUTE__ISO_COMPUTE_OUT_snps_result_data[126]_UPF_ISO
                                                                              | LSUPENCLX1_RVT     | ISO_COMPUTE_OUT    |
| u_compute/result_data[131]
                         | LowConn  | Out      | snps_PD_COMPUTE__ISO_COMPUTE_OUT_snps_result_data[131]_UPF_ISO
                                                                              | LSUPENCLX1_RVT     | ISO_COMPUTE_OUT    |
| u_compute/result_data[153]
                         | LowConn  | Out      | snps_PD_COMPUTE__ISO_COMPUTE_OUT_snps_result_data[153]_UPF_ISO
                                                                              | LSUPENCLX1_RVT     | ISO_COMPUTE_OUT    |
| u_compute/result_data[247]
                         | LowConn  | Out      | snps_PD_COMPUTE__ISO_COMPUTE_OUT_snps_result_data[247]_UPF_ISO
                                                                              | LSUPENCLX1_RVT     | ISO_COMPUTE_OUT    |
| u_compute/result_data[16]
                         | LowConn  | Out      | snps_PD_COMPUTE__ISO_COMPUTE_OUT_snps_result_data[16]_UPF_ISO
                                                                              | LSUPENCLX1_RVT     | ISO_COMPUTE_OUT    |
| u_compute/result_data[60]
                         | LowConn  | Out      | snps_PD_COMPUTE__ISO_COMPUTE_OUT_snps_result_data[60]_UPF_ISO
                                                                              | LSUPENCLX1_RVT     | ISO_COMPUTE_OUT    |
| u_compute/result_data[66]
                         | LowConn  | Out      | snps_PD_COMPUTE__ISO_COMPUTE_OUT_snps_result_data[66]_UPF_ISO
                                                                              | LSUPENCLX1_RVT     | ISO_COMPUTE_OUT    |
| u_compute/result_data[96]
                         | LowConn  | Out      | snps_PD_COMPUTE__ISO_COMPUTE_OUT_snps_result_data[96]_UPF_ISO
                                                                              | LSUPENCLX1_RVT     | ISO_COMPUTE_OUT    |
| u_compute/result_data[136]
                         | LowConn  | Out      | snps_PD_COMPUTE__ISO_COMPUTE_OUT_snps_result_data[136]_UPF_ISO
                                                                              | LSUPENCLX1_RVT     | ISO_COMPUTE_OUT    |
| u_compute/result_data[82]
                         | LowConn  | Out      | snps_PD_COMPUTE__ISO_COMPUTE_OUT_snps_result_data[82]_UPF_ISO
                                                                              | LSUPENCLX1_RVT     | ISO_COMPUTE_OUT    |
| u_compute/result_data[42]
                         | LowConn  | Out      | snps_PD_COMPUTE__ISO_COMPUTE_OUT_snps_result_data[42]_UPF_ISO
                                                                              | LSUPENCLX1_RVT     | ISO_COMPUTE_OUT    |
| u_compute/result_data[106]
                         | LowConn  | Out      | snps_PD_COMPUTE__ISO_COMPUTE_OUT_snps_result_data[106]_UPF_ISO
                                                                              | LSUPENCLX1_RVT     | ISO_COMPUTE_OUT    |
| u_compute/result_data[191]
                         | LowConn  | Out      | snps_PD_COMPUTE__ISO_COMPUTE_OUT_snps_result_data[191]_UPF_ISO
                                                                              | LSUPENCLX1_RVT     | ISO_COMPUTE_OUT    |
| u_compute/result_data[0]
                         | LowConn  | Out      | snps_PD_COMPUTE__ISO_COMPUTE_OUT_snps_result_data[0]_UPF_ISO
                                                                              | LSUPENCLX1_RVT     | ISO_COMPUTE_OUT    |
| u_compute/result_data[1]
                         | LowConn  | Out      | snps_PD_COMPUTE__ISO_COMPUTE_OUT_snps_result_data[1]_UPF_ISO
                                                                              | LSUPENCLX1_RVT     | ISO_COMPUTE_OUT    |
| u_compute/result_data[6]
                         | LowConn  | Out      | snps_PD_COMPUTE__ISO_COMPUTE_OUT_snps_result_data[6]_UPF_ISO
                                                                              | LSUPENCLX1_RVT     | ISO_COMPUTE_OUT    |
| u_compute/result_data[7]
                         | LowConn  | Out      | snps_PD_COMPUTE__ISO_COMPUTE_OUT_snps_result_data[7]_UPF_ISO
                                                                              | LSUPENCLX1_RVT     | ISO_COMPUTE_OUT    |
| u_compute/result_data[9]
                         | LowConn  | Out      | snps_PD_COMPUTE__ISO_COMPUTE_OUT_snps_result_data[9]_UPF_ISO
                                                                              | LSUPENCLX1_RVT     | ISO_COMPUTE_OUT    |
| u_compute/result_data[12]
                         | LowConn  | Out      | snps_PD_COMPUTE__ISO_COMPUTE_OUT_snps_result_data[12]_UPF_ISO
                                                                              | LSUPENCLX1_RVT     | ISO_COMPUTE_OUT    |
| u_compute/result_data[14]
                         | LowConn  | Out      | snps_PD_COMPUTE__ISO_COMPUTE_OUT_snps_result_data[14]_UPF_ISO
                                                                              | LSUPENCLX1_RVT     | ISO_COMPUTE_OUT    |
| u_compute/result_data[15]
                         | LowConn  | Out      | snps_PD_COMPUTE__ISO_COMPUTE_OUT_snps_result_data[15]_UPF_ISO
                                                                              | LSUPENCLX1_RVT     | ISO_COMPUTE_OUT    |
| u_compute/result_data[56]
                         | LowConn  | Out      | snps_PD_COMPUTE__ISO_COMPUTE_OUT_snps_result_data[56]_UPF_ISO
                                                                              | LSUPENCLX1_RVT     | ISO_COMPUTE_OUT    |
| u_compute/result_data[58]
                         | LowConn  | Out      | snps_PD_COMPUTE__ISO_COMPUTE_OUT_snps_result_data[58]_UPF_ISO
                                                                              | LSUPENCLX1_RVT     | ISO_COMPUTE_OUT    |
| u_compute/result_data[61]
                         | LowConn  | Out      | snps_PD_COMPUTE__ISO_COMPUTE_OUT_snps_result_data[61]_UPF_ISO
                                                                              | LSUPENCLX1_RVT     | ISO_COMPUTE_OUT    |
| u_compute/result_data[63]
                         | LowConn  | Out      | snps_PD_COMPUTE__ISO_COMPUTE_OUT_snps_result_data[63]_UPF_ISO
                                                                              | LSUPENCLX1_RVT     | ISO_COMPUTE_OUT    |
| u_compute/result_data[64]
                         | LowConn  | Out      | snps_PD_COMPUTE__ISO_COMPUTE_OUT_snps_result_data[64]_UPF_ISO
                                                                              | LSUPENCLX1_RVT     | ISO_COMPUTE_OUT    |
| u_compute/result_data[67]
                         | LowConn  | Out      | snps_PD_COMPUTE__ISO_COMPUTE_OUT_snps_result_data[67]_UPF_ISO
                                                                              | LSUPENCLX1_RVT     | ISO_COMPUTE_OUT    |
| u_compute/result_data[93]
                         | LowConn  | Out      | snps_PD_COMPUTE__ISO_COMPUTE_OUT_snps_result_data[93]_UPF_ISO
                                                                              | LSUPENCLX1_RVT     | ISO_COMPUTE_OUT    |
| u_compute/result_data[97]
                         | LowConn  | Out      | snps_PD_COMPUTE__ISO_COMPUTE_OUT_snps_result_data[97]_UPF_ISO
                                                                              | LSUPENCLX1_RVT     | ISO_COMPUTE_OUT    |
| u_compute/result_data[101]
                         | LowConn  | Out      | snps_PD_COMPUTE__ISO_COMPUTE_OUT_snps_result_data[101]_UPF_ISO
                                                                              | LSUPENCLX1_RVT     | ISO_COMPUTE_OUT    |
| u_compute/result_data[102]
                         | LowConn  | Out      | snps_PD_COMPUTE__ISO_COMPUTE_OUT_snps_result_data[102]_UPF_ISO
                                                                              | LSUPENCLX1_RVT     | ISO_COMPUTE_OUT    |
| u_compute/result_data[103]
                         | LowConn  | Out      | snps_PD_COMPUTE__ISO_COMPUTE_OUT_snps_result_data[103]_UPF_ISO
                                                                              | LSUPENCLX1_RVT     | ISO_COMPUTE_OUT    |
| u_compute/result_data[115]
                         | LowConn  | Out      | snps_PD_COMPUTE__ISO_COMPUTE_OUT_snps_result_data[115]_UPF_ISO
                                                                              | LSUPENCLX1_RVT     | ISO_COMPUTE_OUT    |
| u_compute/result_data[117]
                         | LowConn  | Out      | snps_PD_COMPUTE__ISO_COMPUTE_OUT_snps_result_data[117]_UPF_ISO
                                                                              | LSUPENCLX1_RVT     | ISO_COMPUTE_OUT    |
| u_compute/result_data[118]
                         | LowConn  | Out      | snps_PD_COMPUTE__ISO_COMPUTE_OUT_snps_result_data[118]_UPF_ISO
                                                                              | LSUPENCLX1_RVT     | ISO_COMPUTE_OUT    |
| u_compute/result_data[119]
                         | LowConn  | Out      | snps_PD_COMPUTE__ISO_COMPUTE_OUT_snps_result_data[119]_UPF_ISO
                                                                              | LSUPENCLX1_RVT     | ISO_COMPUTE_OUT    |
| u_compute/result_data[120]
                         | LowConn  | Out      | snps_PD_COMPUTE__ISO_COMPUTE_OUT_snps_result_data[120]_UPF_ISO
                                                                              | LSUPENCLX1_RVT     | ISO_COMPUTE_OUT    |
| u_compute/result_data[121]
                         | LowConn  | Out      | snps_PD_COMPUTE__ISO_COMPUTE_OUT_snps_result_data[121]_UPF_ISO
                                                                              | LSUPENCLX1_RVT     | ISO_COMPUTE_OUT    |
| u_compute/result_data[122]
                         | LowConn  | Out      | snps_PD_COMPUTE__ISO_COMPUTE_OUT_snps_result_data[122]_UPF_ISO
                                                                              | LSUPENCLX1_RVT     | ISO_COMPUTE_OUT    |
| u_compute/result_data[123]
                         | LowConn  | Out      | snps_PD_COMPUTE__ISO_COMPUTE_OUT_snps_result_data[123]_UPF_ISO
                                                                              | LSUPENCLX1_RVT     | ISO_COMPUTE_OUT    |
| u_compute/result_data[124]
                         | LowConn  | Out      | snps_PD_COMPUTE__ISO_COMPUTE_OUT_snps_result_data[124]_UPF_ISO
                                                                              | LSUPENCLX1_RVT     | ISO_COMPUTE_OUT    |
| u_compute/result_data[125]
                         | LowConn  | Out      | snps_PD_COMPUTE__ISO_COMPUTE_OUT_snps_result_data[125]_UPF_ISO
                                                                              | LSUPENCLX1_RVT     | ISO_COMPUTE_OUT    |
| u_compute/result_data[127]
                         | LowConn  | Out      | snps_PD_COMPUTE__ISO_COMPUTE_OUT_snps_result_data[127]_UPF_ISO
                                                                              | LSUPENCLX1_RVT     | ISO_COMPUTE_OUT    |
| u_compute/result_data[128]
                         | LowConn  | Out      | snps_PD_COMPUTE__ISO_COMPUTE_OUT_snps_result_data[128]_UPF_ISO
                                                                              | LSUPENCLX1_RVT     | ISO_COMPUTE_OUT    |
| u_compute/result_data[130]
                         | LowConn  | Out      | snps_PD_COMPUTE__ISO_COMPUTE_OUT_snps_result_data[130]_UPF_ISO
                                                                              | LSUPENCLX1_RVT     | ISO_COMPUTE_OUT    |
| u_compute/result_data[132]
                         | LowConn  | Out      | snps_PD_COMPUTE__ISO_COMPUTE_OUT_snps_result_data[132]_UPF_ISO
                                                                              | LSUPENCLX1_RVT     | ISO_COMPUTE_OUT    |
| u_compute/result_data[133]
                         | LowConn  | Out      | snps_PD_COMPUTE__ISO_COMPUTE_OUT_snps_result_data[133]_UPF_ISO
                                                                              | LSUPENCLX1_RVT     | ISO_COMPUTE_OUT    |
| u_compute/result_data[134]
                         | LowConn  | Out      | snps_PD_COMPUTE__ISO_COMPUTE_OUT_snps_result_data[134]_UPF_ISO
                                                                              | LSUPENCLX1_RVT     | ISO_COMPUTE_OUT    |
| u_compute/result_data[135]
                         | LowConn  | Out      | snps_PD_COMPUTE__ISO_COMPUTE_OUT_snps_result_data[135]_UPF_ISO
                                                                              | LSUPENCLX1_RVT     | ISO_COMPUTE_OUT    |
| u_compute/result_data[137]
                         | LowConn  | Out      | snps_PD_COMPUTE__ISO_COMPUTE_OUT_snps_result_data[137]_UPF_ISO
                                                                              | LSUPENCLX1_RVT     | ISO_COMPUTE_OUT    |
| u_compute/result_data[142]
                         | LowConn  | Out      | snps_PD_COMPUTE__ISO_COMPUTE_OUT_snps_result_data[142]_UPF_ISO
                                                                              | LSUPENCLX1_RVT     | ISO_COMPUTE_OUT    |
| u_compute/result_data[143]
                         | LowConn  | Out      | snps_PD_COMPUTE__ISO_COMPUTE_OUT_snps_result_data[143]_UPF_ISO
                                                                              | LSUPENCLX1_RVT     | ISO_COMPUTE_OUT    |
| u_compute/result_data[145]
                         | LowConn  | Out      | snps_PD_COMPUTE__ISO_COMPUTE_OUT_snps_result_data[145]_UPF_ISO
                                                                              | LSUPENCLX1_RVT     | ISO_COMPUTE_OUT    |
| u_compute/result_data[149]
                         | LowConn  | Out      | snps_PD_COMPUTE__ISO_COMPUTE_OUT_snps_result_data[149]_UPF_ISO
                                                                              | LSUPENCLX1_RVT     | ISO_COMPUTE_OUT    |
| u_compute/result_data[157]
                         | LowConn  | Out      | snps_PD_COMPUTE__ISO_COMPUTE_OUT_snps_result_data[157]_UPF_ISO
                                                                              | LSUPENCLX1_RVT     | ISO_COMPUTE_OUT    |
| u_compute/result_data[158]
                         | LowConn  | Out      | snps_PD_COMPUTE__ISO_COMPUTE_OUT_snps_result_data[158]_UPF_ISO
                                                                              | LSUPENCLX1_RVT     | ISO_COMPUTE_OUT    |
| u_compute/result_data[159]
                         | LowConn  | Out      | snps_PD_COMPUTE__ISO_COMPUTE_OUT_snps_result_data[159]_UPF_ISO
                                                                              | LSUPENCLX1_RVT     | ISO_COMPUTE_OUT    |
| u_compute/result_data[160]
                         | LowConn  | Out      | snps_PD_COMPUTE__ISO_COMPUTE_OUT_snps_result_data[160]_UPF_ISO
                                                                              | LSUPENCLX1_RVT     | ISO_COMPUTE_OUT    |
| u_compute/result_data[164]
                         | LowConn  | Out      | snps_PD_COMPUTE__ISO_COMPUTE_OUT_snps_result_data[164]_UPF_ISO
                                                                              | LSUPENCLX1_RVT     | ISO_COMPUTE_OUT    |
| u_compute/result_data[167]
                         | LowConn  | Out      | snps_PD_COMPUTE__ISO_COMPUTE_OUT_snps_result_data[167]_UPF_ISO
                                                                              | LSUPENCLX1_RVT     | ISO_COMPUTE_OUT    |
| u_compute/result_data[171]
                         | LowConn  | Out      | snps_PD_COMPUTE__ISO_COMPUTE_OUT_snps_result_data[171]_UPF_ISO
                                                                              | LSUPENCLX1_RVT     | ISO_COMPUTE_OUT    |
| u_compute/result_data[172]
                         | LowConn  | Out      | snps_PD_COMPUTE__ISO_COMPUTE_OUT_snps_result_data[172]_UPF_ISO
                                                                              | LSUPENCLX1_RVT     | ISO_COMPUTE_OUT    |
| u_compute/result_data[175]
                         | LowConn  | Out      | snps_PD_COMPUTE__ISO_COMPUTE_OUT_snps_result_data[175]_UPF_ISO
                                                                              | LSUPENCLX1_RVT     | ISO_COMPUTE_OUT    |
| u_compute/result_data[178]
                         | LowConn  | Out      | snps_PD_COMPUTE__ISO_COMPUTE_OUT_snps_result_data[178]_UPF_ISO
                                                                              | LSUPENCLX1_RVT     | ISO_COMPUTE_OUT    |
| u_compute/result_data[180]
                         | LowConn  | Out      | snps_PD_COMPUTE__ISO_COMPUTE_OUT_snps_result_data[180]_UPF_ISO
                                                                              | LSUPENCLX1_RVT     | ISO_COMPUTE_OUT    |
| u_compute/result_data[182]
                         | LowConn  | Out      | snps_PD_COMPUTE__ISO_COMPUTE_OUT_snps_result_data[182]_UPF_ISO
                                                                              | LSUPENCLX1_RVT     | ISO_COMPUTE_OUT    |
| u_compute/result_data[193]
                         | LowConn  | Out      | snps_PD_COMPUTE__ISO_COMPUTE_OUT_snps_result_data[193]_UPF_ISO
                                                                              | LSUPENCLX1_RVT     | ISO_COMPUTE_OUT    |
| u_compute/result_data[197]
                         | LowConn  | Out      | snps_PD_COMPUTE__ISO_COMPUTE_OUT_snps_result_data[197]_UPF_ISO
                                                                              | LSUPENCLX1_RVT     | ISO_COMPUTE_OUT    |
| u_compute/result_data[199]
                         | LowConn  | Out      | snps_PD_COMPUTE__ISO_COMPUTE_OUT_snps_result_data[199]_UPF_ISO
                                                                              | LSUPENCLX1_RVT     | ISO_COMPUTE_OUT    |
| u_compute/result_data[201]
                         | LowConn  | Out      | snps_PD_COMPUTE__ISO_COMPUTE_OUT_snps_result_data[201]_UPF_ISO
                                                                              | LSUPENCLX1_RVT     | ISO_COMPUTE_OUT    |
| u_compute/result_data[202]
                         | LowConn  | Out      | snps_PD_COMPUTE__ISO_COMPUTE_OUT_snps_result_data[202]_UPF_ISO
                                                                              | LSUPENCLX1_RVT     | ISO_COMPUTE_OUT    |
| u_compute/result_data[203]
                         | LowConn  | Out      | snps_PD_COMPUTE__ISO_COMPUTE_OUT_snps_result_data[203]_UPF_ISO
                                                                              | LSUPENCLX1_RVT     | ISO_COMPUTE_OUT    |
| u_compute/result_data[205]
                         | LowConn  | Out      | snps_PD_COMPUTE__ISO_COMPUTE_OUT_snps_result_data[205]_UPF_ISO
                                                                              | LSUPENCLX1_RVT     | ISO_COMPUTE_OUT    |
| u_compute/result_data[206]
                         | LowConn  | Out      | snps_PD_COMPUTE__ISO_COMPUTE_OUT_snps_result_data[206]_UPF_ISO
                                                                              | LSUPENCLX1_RVT     | ISO_COMPUTE_OUT    |
| u_compute/result_data[207]
                         | LowConn  | Out      | snps_PD_COMPUTE__ISO_COMPUTE_OUT_snps_result_data[207]_UPF_ISO
                                                                              | LSUPENCLX1_RVT     | ISO_COMPUTE_OUT    |
| u_compute/result_data[208]
                         | LowConn  | Out      | snps_PD_COMPUTE__ISO_COMPUTE_OUT_snps_result_data[208]_UPF_ISO
                                                                              | LSUPENCLX1_RVT     | ISO_COMPUTE_OUT    |
| u_compute/result_data[211]
                         | LowConn  | Out      | snps_PD_COMPUTE__ISO_COMPUTE_OUT_snps_result_data[211]_UPF_ISO
                                                                              | LSUPENCLX1_RVT     | ISO_COMPUTE_OUT    |
| u_compute/result_data[214]
                         | LowConn  | Out      | snps_PD_COMPUTE__ISO_COMPUTE_OUT_snps_result_data[214]_UPF_ISO
                                                                              | LSUPENCLX1_RVT     | ISO_COMPUTE_OUT    |
| u_compute/result_data[218]
                         | LowConn  | Out      | snps_PD_COMPUTE__ISO_COMPUTE_OUT_snps_result_data[218]_UPF_ISO
                                                                              | LSUPENCLX1_RVT     | ISO_COMPUTE_OUT    |
| u_compute/result_data[221]
                         | LowConn  | Out      | snps_PD_COMPUTE__ISO_COMPUTE_OUT_snps_result_data[221]_UPF_ISO
                                                                              | LSUPENCLX1_RVT     | ISO_COMPUTE_OUT    |
| u_compute/result_data[224]
                         | LowConn  | Out      | snps_PD_COMPUTE__ISO_COMPUTE_OUT_snps_result_data[224]_UPF_ISO
                                                                              | LSUPENCLX1_RVT     | ISO_COMPUTE_OUT    |
| u_compute/result_data[226]
                         | LowConn  | Out      | snps_PD_COMPUTE__ISO_COMPUTE_OUT_snps_result_data[226]_UPF_ISO
                                                                              | LSUPENCLX1_RVT     | ISO_COMPUTE_OUT    |
| u_compute/result_data[228]
                         | LowConn  | Out      | snps_PD_COMPUTE__ISO_COMPUTE_OUT_snps_result_data[228]_UPF_ISO
                                                                              | LSUPENCLX1_RVT     | ISO_COMPUTE_OUT    |
| u_compute/result_data[232]
                         | LowConn  | Out      | snps_PD_COMPUTE__ISO_COMPUTE_OUT_snps_result_data[232]_UPF_ISO
                                                                              | LSUPENCLX1_RVT     | ISO_COMPUTE_OUT    |
| u_compute/result_data[235]
                         | LowConn  | Out      | snps_PD_COMPUTE__ISO_COMPUTE_OUT_snps_result_data[235]_UPF_ISO
                                                                              | LSUPENCLX1_RVT     | ISO_COMPUTE_OUT    |
| u_compute/result_data[237]
                         | LowConn  | Out      | snps_PD_COMPUTE__ISO_COMPUTE_OUT_snps_result_data[237]_UPF_ISO
                                                                              | LSUPENCLX1_RVT     | ISO_COMPUTE_OUT    |
| u_compute/result_data[239]
                         | LowConn  | Out      | snps_PD_COMPUTE__ISO_COMPUTE_OUT_snps_result_data[239]_UPF_ISO
                                                                              | LSUPENCLX1_RVT     | ISO_COMPUTE_OUT    |
| u_compute/result_data[241]
                         | LowConn  | Out      | snps_PD_COMPUTE__ISO_COMPUTE_OUT_snps_result_data[241]_UPF_ISO
                                                                              | LSUPENCLX1_RVT     | ISO_COMPUTE_OUT    |
| u_compute/result_data[243]
                         | LowConn  | Out      | snps_PD_COMPUTE__ISO_COMPUTE_OUT_snps_result_data[243]_UPF_ISO
                                                                              | LSUPENCLX1_RVT     | ISO_COMPUTE_OUT    |
| u_compute/result_data[245]
                         | LowConn  | Out      | snps_PD_COMPUTE__ISO_COMPUTE_OUT_snps_result_data[245]_UPF_ISO
                                                                              | LSUPENCLX1_RVT     | ISO_COMPUTE_OUT    |
| u_compute/result_data[246]
                         | LowConn  | Out      | snps_PD_COMPUTE__ISO_COMPUTE_OUT_snps_result_data[246]_UPF_ISO
                                                                              | LSUPENCLX1_RVT     | ISO_COMPUTE_OUT    |
| u_compute/result_data[248]
                         | LowConn  | Out      | snps_PD_COMPUTE__ISO_COMPUTE_OUT_snps_result_data[248]_UPF_ISO
                                                                              | LSUPENCLX1_RVT     | ISO_COMPUTE_OUT    |
| u_compute/result_data[249]
                         | LowConn  | Out      | snps_PD_COMPUTE__ISO_COMPUTE_OUT_snps_result_data[249]_UPF_ISO
                                                                              | LSUPENCLX1_RVT     | ISO_COMPUTE_OUT    |
| u_compute/result_data[250]
                         | LowConn  | Out      | snps_PD_COMPUTE__ISO_COMPUTE_OUT_snps_result_data[250]_UPF_ISO
                                                                              | LSUPENCLX1_RVT     | ISO_COMPUTE_OUT    |
| u_compute/result_data[253]
                         | LowConn  | Out      | snps_PD_COMPUTE__ISO_COMPUTE_OUT_snps_result_data[253]_UPF_ISO
                                                                              | LSUPENCLX1_RVT     | ISO_COMPUTE_OUT    |
| u_compute/result_data[255]
                         | LowConn  | Out      | snps_PD_COMPUTE__ISO_COMPUTE_OUT_snps_result_data[255]_UPF_ISO
                                                                              | LSUPENCLX1_RVT     | ISO_COMPUTE_OUT    |
| u_compute/result_data[4]
                         | LowConn  | Out      | snps_PD_COMPUTE__ISO_COMPUTE_OUT_snps_result_data[4]_UPF_ISO
                                                                              | LSUPENCLX1_RVT     | ISO_COMPUTE_OUT    |
| u_compute/result_data[18]
                         | LowConn  | Out      | snps_PD_COMPUTE__ISO_COMPUTE_OUT_snps_result_data[18]_UPF_ISO
                                                                              | LSUPENCLX1_RVT     | ISO_COMPUTE_OUT    |
| u_compute/result_data[19]
                         | LowConn  | Out      | snps_PD_COMPUTE__ISO_COMPUTE_OUT_snps_result_data[19]_UPF_ISO
                                                                              | LSUPENCLX1_RVT     | ISO_COMPUTE_OUT    |
| u_compute/result_data[62]
                         | LowConn  | Out      | snps_PD_COMPUTE__ISO_COMPUTE_OUT_snps_result_data[62]_UPF_ISO
                                                                              | LSUPENCLX1_RVT     | ISO_COMPUTE_OUT    |
| u_compute/result_data[85]
                         | LowConn  | Out      | snps_PD_COMPUTE__ISO_COMPUTE_OUT_snps_result_data[85]_UPF_ISO
                                                                              | LSUPENCLX1_RVT     | ISO_COMPUTE_OUT    |
| u_compute/result_data[87]
                         | LowConn  | Out      | snps_PD_COMPUTE__ISO_COMPUTE_OUT_snps_result_data[87]_UPF_ISO
                                                                              | LSUPENCLX1_RVT     | ISO_COMPUTE_OUT    |
| u_compute/result_data[88]
                         | LowConn  | Out      | snps_PD_COMPUTE__ISO_COMPUTE_OUT_snps_result_data[88]_UPF_ISO
                                                                              | LSUPENCLX1_RVT     | ISO_COMPUTE_OUT    |
| u_compute/result_data[89]
                         | LowConn  | Out      | snps_PD_COMPUTE__ISO_COMPUTE_OUT_snps_result_data[89]_UPF_ISO
                                                                              | LSUPENCLX1_RVT     | ISO_COMPUTE_OUT    |
| u_compute/result_data[90]
                         | LowConn  | Out      | snps_PD_COMPUTE__ISO_COMPUTE_OUT_snps_result_data[90]_UPF_ISO
                                                                              | LSUPENCLX1_RVT     | ISO_COMPUTE_OUT    |
| u_compute/result_data[92]
                         | LowConn  | Out      | snps_PD_COMPUTE__ISO_COMPUTE_OUT_snps_result_data[92]_UPF_ISO
                                                                              | LSUPENCLX1_RVT     | ISO_COMPUTE_OUT    |
| u_compute/result_data[98]
                         | LowConn  | Out      | snps_PD_COMPUTE__ISO_COMPUTE_OUT_snps_result_data[98]_UPF_ISO
                                                                              | LSUPENCLX1_RVT     | ISO_COMPUTE_OUT    |
| u_compute/result_data[105]
                         | LowConn  | Out      | snps_PD_COMPUTE__ISO_COMPUTE_OUT_snps_result_data[105]_UPF_ISO
                                                                              | LSUPENCLX1_RVT     | ISO_COMPUTE_OUT    |
| u_compute/result_data[107]
                         | LowConn  | Out      | snps_PD_COMPUTE__ISO_COMPUTE_OUT_snps_result_data[107]_UPF_ISO
                                                                              | LSUPENCLX1_RVT     | ISO_COMPUTE_OUT    |
| u_compute/result_data[110]
                         | LowConn  | Out      | snps_PD_COMPUTE__ISO_COMPUTE_OUT_snps_result_data[110]_UPF_ISO
                                                                              | LSUPENCLX1_RVT     | ISO_COMPUTE_OUT    |
| u_compute/result_data[111]
                         | LowConn  | Out      | snps_PD_COMPUTE__ISO_COMPUTE_OUT_snps_result_data[111]_UPF_ISO
                                                                              | LSUPENCLX1_RVT     | ISO_COMPUTE_OUT    |
| u_compute/result_data[113]
                         | LowConn  | Out      | snps_PD_COMPUTE__ISO_COMPUTE_OUT_snps_result_data[113]_UPF_ISO
                                                                              | LSUPENCLX1_RVT     | ISO_COMPUTE_OUT    |
| u_compute/result_data[116]
                         | LowConn  | Out      | snps_PD_COMPUTE__ISO_COMPUTE_OUT_snps_result_data[116]_UPF_ISO
                                                                              | LSUPENCLX1_RVT     | ISO_COMPUTE_OUT    |
| u_compute/result_data[146]
                         | LowConn  | Out      | snps_PD_COMPUTE__ISO_COMPUTE_OUT_snps_result_data[146]_UPF_ISO
                                                                              | LSUPENCLX1_RVT     | ISO_COMPUTE_OUT    |
| u_compute/result_data[147]
                         | LowConn  | Out      | snps_PD_COMPUTE__ISO_COMPUTE_OUT_snps_result_data[147]_UPF_ISO
                                                                              | LSUPENCLX1_RVT     | ISO_COMPUTE_OUT    |
| u_compute/result_data[148]
                         | LowConn  | Out      | snps_PD_COMPUTE__ISO_COMPUTE_OUT_snps_result_data[148]_UPF_ISO
                                                                              | LSUPENCLX1_RVT     | ISO_COMPUTE_OUT    |
| u_compute/result_data[150]
                         | LowConn  | Out      | snps_PD_COMPUTE__ISO_COMPUTE_OUT_snps_result_data[150]_UPF_ISO
                                                                              | LSUPENCLX1_RVT     | ISO_COMPUTE_OUT    |
| u_compute/result_data[152]
                         | LowConn  | Out      | snps_PD_COMPUTE__ISO_COMPUTE_OUT_snps_result_data[152]_UPF_ISO
                                                                              | LSUPENCLX1_RVT     | ISO_COMPUTE_OUT    |
| u_compute/result_data[154]
                         | LowConn  | Out      | snps_PD_COMPUTE__ISO_COMPUTE_OUT_snps_result_data[154]_UPF_ISO
                                                                              | LSUPENCLX1_RVT     | ISO_COMPUTE_OUT    |
| u_compute/result_data[155]
                         | LowConn  | Out      | snps_PD_COMPUTE__ISO_COMPUTE_OUT_snps_result_data[155]_UPF_ISO
                                                                              | LSUPENCLX1_RVT     | ISO_COMPUTE_OUT    |
| u_compute/result_data[156]
                         | LowConn  | Out      | snps_PD_COMPUTE__ISO_COMPUTE_OUT_snps_result_data[156]_UPF_ISO
                                                                              | LSUPENCLX1_RVT     | ISO_COMPUTE_OUT    |
| u_compute/result_data[163]
                         | LowConn  | Out      | snps_PD_COMPUTE__ISO_COMPUTE_OUT_snps_result_data[163]_UPF_ISO
                                                                              | LSUPENCLX1_RVT     | ISO_COMPUTE_OUT    |
| u_compute/result_data[168]
                         | LowConn  | Out      | snps_PD_COMPUTE__ISO_COMPUTE_OUT_snps_result_data[168]_UPF_ISO
                                                                              | LSUPENCLX1_RVT     | ISO_COMPUTE_OUT    |
| u_compute/result_data[169]
                         | LowConn  | Out      | snps_PD_COMPUTE__ISO_COMPUTE_OUT_snps_result_data[169]_UPF_ISO
                                                                              | LSUPENCLX1_RVT     | ISO_COMPUTE_OUT    |
| u_compute/result_data[170]
                         | LowConn  | Out      | snps_PD_COMPUTE__ISO_COMPUTE_OUT_snps_result_data[170]_UPF_ISO
                                                                              | LSUPENCLX1_RVT     | ISO_COMPUTE_OUT    |
| u_compute/result_data[173]
                         | LowConn  | Out      | snps_PD_COMPUTE__ISO_COMPUTE_OUT_snps_result_data[173]_UPF_ISO
                                                                              | LSUPENCLX1_RVT     | ISO_COMPUTE_OUT    |
| u_compute/result_data[177]
                         | LowConn  | Out      | snps_PD_COMPUTE__ISO_COMPUTE_OUT_snps_result_data[177]_UPF_ISO
                                                                              | LSUPENCLX1_RVT     | ISO_COMPUTE_OUT    |
| u_compute/result_data[179]
                         | LowConn  | Out      | snps_PD_COMPUTE__ISO_COMPUTE_OUT_snps_result_data[179]_UPF_ISO
                                                                              | LSUPENCLX1_RVT     | ISO_COMPUTE_OUT    |
| u_compute/result_data[183]
                         | LowConn  | Out      | snps_PD_COMPUTE__ISO_COMPUTE_OUT_snps_result_data[183]_UPF_ISO
                                                                              | LSUPENCLX1_RVT     | ISO_COMPUTE_OUT    |
| u_compute/result_data[188]
                         | LowConn  | Out      | snps_PD_COMPUTE__ISO_COMPUTE_OUT_snps_result_data[188]_UPF_ISO
                                                                              | LSUPENCLX1_RVT     | ISO_COMPUTE_OUT    |
| u_compute/result_data[192]
                         | LowConn  | Out      | snps_PD_COMPUTE__ISO_COMPUTE_OUT_snps_result_data[192]_UPF_ISO
                                                                              | LSUPENCLX1_RVT     | ISO_COMPUTE_OUT    |
| u_compute/result_data[195]
                         | LowConn  | Out      | snps_PD_COMPUTE__ISO_COMPUTE_OUT_snps_result_data[195]_UPF_ISO
                                                                              | LSUPENCLX1_RVT     | ISO_COMPUTE_OUT    |
| u_compute/result_data[196]
                         | LowConn  | Out      | snps_PD_COMPUTE__ISO_COMPUTE_OUT_snps_result_data[196]_UPF_ISO
                                                                              | LSUPENCLX1_RVT     | ISO_COMPUTE_OUT    |
| u_compute/result_data[198]
                         | LowConn  | Out      | snps_PD_COMPUTE__ISO_COMPUTE_OUT_snps_result_data[198]_UPF_ISO
                                                                              | LSUPENCLX1_RVT     | ISO_COMPUTE_OUT    |
| u_compute/result_data[210]
                         | LowConn  | Out      | snps_PD_COMPUTE__ISO_COMPUTE_OUT_snps_result_data[210]_UPF_ISO
                                                                              | LSUPENCLX1_RVT     | ISO_COMPUTE_OUT    |
| u_compute/result_data[212]
                         | LowConn  | Out      | snps_PD_COMPUTE__ISO_COMPUTE_OUT_snps_result_data[212]_UPF_ISO
                                                                              | LSUPENCLX1_RVT     | ISO_COMPUTE_OUT    |
| u_compute/result_data[213]
                         | LowConn  | Out      | snps_PD_COMPUTE__ISO_COMPUTE_OUT_snps_result_data[213]_UPF_ISO
                                                                              | LSUPENCLX1_RVT     | ISO_COMPUTE_OUT    |
| u_compute/result_data[215]
                         | LowConn  | Out      | snps_PD_COMPUTE__ISO_COMPUTE_OUT_snps_result_data[215]_UPF_ISO
                                                                              | LSUPENCLX1_RVT     | ISO_COMPUTE_OUT    |
| u_compute/result_data[216]
                         | LowConn  | Out      | snps_PD_COMPUTE__ISO_COMPUTE_OUT_snps_result_data[216]_UPF_ISO
                                                                              | LSUPENCLX1_RVT     | ISO_COMPUTE_OUT    |
| u_compute/result_data[217]
                         | LowConn  | Out      | snps_PD_COMPUTE__ISO_COMPUTE_OUT_snps_result_data[217]_UPF_ISO
                                                                              | LSUPENCLX1_RVT     | ISO_COMPUTE_OUT    |
| u_compute/result_data[219]
                         | LowConn  | Out      | snps_PD_COMPUTE__ISO_COMPUTE_OUT_snps_result_data[219]_UPF_ISO
                                                                              | LSUPENCLX1_RVT     | ISO_COMPUTE_OUT    |
| u_compute/result_data[220]
                         | LowConn  | Out      | snps_PD_COMPUTE__ISO_COMPUTE_OUT_snps_result_data[220]_UPF_ISO
                                                                              | LSUPENCLX1_RVT     | ISO_COMPUTE_OUT    |
| u_compute/result_data[227]
                         | LowConn  | Out      | snps_PD_COMPUTE__ISO_COMPUTE_OUT_snps_result_data[227]_UPF_ISO
                                                                              | LSUPENCLX1_RVT     | ISO_COMPUTE_OUT    |
| u_compute/result_data[230]
                         | LowConn  | Out      | snps_PD_COMPUTE__ISO_COMPUTE_OUT_snps_result_data[230]_UPF_ISO
                                                                              | LSUPENCLX1_RVT     | ISO_COMPUTE_OUT    |
| u_compute/result_data[233]
                         | LowConn  | Out      | snps_PD_COMPUTE__ISO_COMPUTE_OUT_snps_result_data[233]_UPF_ISO
                                                                              | LSUPENCLX1_RVT     | ISO_COMPUTE_OUT    |
| u_compute/result_data[234]
                         | LowConn  | Out      | snps_PD_COMPUTE__ISO_COMPUTE_OUT_snps_result_data[234]_UPF_ISO
                                                                              | LSUPENCLX1_RVT     | ISO_COMPUTE_OUT    |
| u_compute/result_data[236]
                         | LowConn  | Out      | snps_PD_COMPUTE__ISO_COMPUTE_OUT_snps_result_data[236]_UPF_ISO
                                                                              | LSUPENCLX1_RVT     | ISO_COMPUTE_OUT    |
| u_compute/result_data[238]
                         | LowConn  | Out      | snps_PD_COMPUTE__ISO_COMPUTE_OUT_snps_result_data[238]_UPF_ISO
                                                                              | LSUPENCLX1_RVT     | ISO_COMPUTE_OUT    |
| u_compute/result_data[242]
                         | LowConn  | Out      | snps_PD_COMPUTE__ISO_COMPUTE_OUT_snps_result_data[242]_UPF_ISO
                                                                              | LSUPENCLX1_RVT     | ISO_COMPUTE_OUT    |
| u_compute/result_data[252]
                         | LowConn  | Out      | snps_PD_COMPUTE__ISO_COMPUTE_OUT_snps_result_data[252]_UPF_ISO
                                                                              | LSUPENCLX1_RVT     | ISO_COMPUTE_OUT    |
| u_compute/result_data[254]
                         | LowConn  | Out      | snps_PD_COMPUTE__ISO_COMPUTE_OUT_snps_result_data[254]_UPF_ISO
                                                                              | LSUPENCLX1_RVT     | ISO_COMPUTE_OUT    |
| u_compute/result_col[0]
                         | LowConn  | Out      | snps_PD_COMPUTE__ISO_COMPUTE_OUT_snps_result_col[0]_UPF_ISO
                                                                              | LSUPENCLX2_RVT     | ISO_COMPUTE_OUT    |
| u_compute/result_col[1]
                         | LowConn  | Out      | snps_PD_COMPUTE__ISO_COMPUTE_OUT_snps_result_col[1]_UPF_ISO
                                                                              | LSUPENCLX2_RVT     | ISO_COMPUTE_OUT    |
| u_compute/result_col[2]
                         | LowConn  | Out      | snps_PD_COMPUTE__ISO_COMPUTE_OUT_snps_result_col[2]_UPF_ISO
                                                                              | LSUPENCLX2_RVT     | ISO_COMPUTE_OUT    |
| u_compute/result_valid | LowConn  | Out      | snps_PD_COMPUTE__ISO_COMPUTE_OUT_snps_result_valid_UPF_ISO
                                                                              | LSUPENCLX2_RVT     | ISO_COMPUTE_OUT    |
| u_compute/result_data[2]
                         | LowConn  | Out      | snps_PD_COMPUTE__ISO_COMPUTE_OUT_snps_result_data[2]_UPF_ISO
                                                                              | LSUPENCLX2_RVT     | ISO_COMPUTE_OUT    |
| u_compute/result_data[3]
                         | LowConn  | Out      | snps_PD_COMPUTE__ISO_COMPUTE_OUT_snps_result_data[3]_UPF_ISO
                                                                              | LSUPENCLX2_RVT     | ISO_COMPUTE_OUT    |
| u_compute/result_data[5]
                         | LowConn  | Out      | snps_PD_COMPUTE__ISO_COMPUTE_OUT_snps_result_data[5]_UPF_ISO
                                                                              | LSUPENCLX2_RVT     | ISO_COMPUTE_OUT    |
| u_compute/result_data[8]
                         | LowConn  | Out      | snps_PD_COMPUTE__ISO_COMPUTE_OUT_snps_result_data[8]_UPF_ISO
                                                                              | LSUPENCLX2_RVT     | ISO_COMPUTE_OUT    |
| u_compute/result_data[11]
                         | LowConn  | Out      | snps_PD_COMPUTE__ISO_COMPUTE_OUT_snps_result_data[11]_UPF_ISO
                                                                              | LSUPENCLX2_RVT     | ISO_COMPUTE_OUT    |
| u_compute/result_data[20]
                         | LowConn  | Out      | snps_PD_COMPUTE__ISO_COMPUTE_OUT_snps_result_data[20]_UPF_ISO
                                                                              | LSUPENCLX2_RVT     | ISO_COMPUTE_OUT    |
| u_compute/result_data[21]
                         | LowConn  | Out      | snps_PD_COMPUTE__ISO_COMPUTE_OUT_snps_result_data[21]_UPF_ISO
                                                                              | LSUPENCLX2_RVT     | ISO_COMPUTE_OUT    |
| u_compute/result_data[23]
                         | LowConn  | Out      | snps_PD_COMPUTE__ISO_COMPUTE_OUT_snps_result_data[23]_UPF_ISO
                                                                              | LSUPENCLX2_RVT     | ISO_COMPUTE_OUT    |
| u_compute/result_data[24]
                         | LowConn  | Out      | snps_PD_COMPUTE__ISO_COMPUTE_OUT_snps_result_data[24]_UPF_ISO
                                                                              | LSUPENCLX2_RVT     | ISO_COMPUTE_OUT    |
| u_compute/result_data[25]
                         | LowConn  | Out      | snps_PD_COMPUTE__ISO_COMPUTE_OUT_snps_result_data[25]_UPF_ISO
                                                                              | LSUPENCLX2_RVT     | ISO_COMPUTE_OUT    |
| u_compute/result_data[26]
                         | LowConn  | Out      | snps_PD_COMPUTE__ISO_COMPUTE_OUT_snps_result_data[26]_UPF_ISO
                                                                              | LSUPENCLX2_RVT     | ISO_COMPUTE_OUT    |
| u_compute/result_data[28]
                         | LowConn  | Out      | snps_PD_COMPUTE__ISO_COMPUTE_OUT_snps_result_data[28]_UPF_ISO
                                                                              | LSUPENCLX2_RVT     | ISO_COMPUTE_OUT    |
| u_compute/result_data[30]
                         | LowConn  | Out      | snps_PD_COMPUTE__ISO_COMPUTE_OUT_snps_result_data[30]_UPF_ISO
                                                                              | LSUPENCLX2_RVT     | ISO_COMPUTE_OUT    |
| u_compute/result_data[31]
                         | LowConn  | Out      | snps_PD_COMPUTE__ISO_COMPUTE_OUT_snps_result_data[31]_UPF_ISO
                                                                              | LSUPENCLX2_RVT     | ISO_COMPUTE_OUT    |
| u_compute/result_data[32]
                         | LowConn  | Out      | snps_PD_COMPUTE__ISO_COMPUTE_OUT_snps_result_data[32]_UPF_ISO
                                                                              | LSUPENCLX2_RVT     | ISO_COMPUTE_OUT    |
| u_compute/result_data[35]
                         | LowConn  | Out      | snps_PD_COMPUTE__ISO_COMPUTE_OUT_snps_result_data[35]_UPF_ISO
                                                                              | LSUPENCLX2_RVT     | ISO_COMPUTE_OUT    |
| u_compute/result_data[36]
                         | LowConn  | Out      | snps_PD_COMPUTE__ISO_COMPUTE_OUT_snps_result_data[36]_UPF_ISO
                                                                              | LSUPENCLX2_RVT     | ISO_COMPUTE_OUT    |
| u_compute/result_data[37]
                         | LowConn  | Out      | snps_PD_COMPUTE__ISO_COMPUTE_OUT_snps_result_data[37]_UPF_ISO
                                                                              | LSUPENCLX2_RVT     | ISO_COMPUTE_OUT    |
| u_compute/result_data[38]
                         | LowConn  | Out      | snps_PD_COMPUTE__ISO_COMPUTE_OUT_snps_result_data[38]_UPF_ISO
                                                                              | LSUPENCLX2_RVT     | ISO_COMPUTE_OUT    |
| u_compute/result_data[39]
                         | LowConn  | Out      | snps_PD_COMPUTE__ISO_COMPUTE_OUT_snps_result_data[39]_UPF_ISO
                                                                              | LSUPENCLX2_RVT     | ISO_COMPUTE_OUT    |
| u_compute/result_data[40]
                         | LowConn  | Out      | snps_PD_COMPUTE__ISO_COMPUTE_OUT_snps_result_data[40]_UPF_ISO
                                                                              | LSUPENCLX2_RVT     | ISO_COMPUTE_OUT    |
| u_compute/result_data[41]
                         | LowConn  | Out      | snps_PD_COMPUTE__ISO_COMPUTE_OUT_snps_result_data[41]_UPF_ISO
                                                                              | LSUPENCLX2_RVT     | ISO_COMPUTE_OUT    |
| u_compute/result_data[43]
                         | LowConn  | Out      | snps_PD_COMPUTE__ISO_COMPUTE_OUT_snps_result_data[43]_UPF_ISO
                                                                              | LSUPENCLX2_RVT     | ISO_COMPUTE_OUT    |
| u_compute/result_data[44]
                         | LowConn  | Out      | snps_PD_COMPUTE__ISO_COMPUTE_OUT_snps_result_data[44]_UPF_ISO
                                                                              | LSUPENCLX2_RVT     | ISO_COMPUTE_OUT    |
| u_compute/result_data[47]
                         | LowConn  | Out      | snps_PD_COMPUTE__ISO_COMPUTE_OUT_snps_result_data[47]_UPF_ISO
                                                                              | LSUPENCLX2_RVT     | ISO_COMPUTE_OUT    |
| u_compute/result_data[48]
                         | LowConn  | Out      | snps_PD_COMPUTE__ISO_COMPUTE_OUT_snps_result_data[48]_UPF_ISO
                                                                              | LSUPENCLX2_RVT     | ISO_COMPUTE_OUT    |
| u_compute/result_data[49]
                         | LowConn  | Out      | snps_PD_COMPUTE__ISO_COMPUTE_OUT_snps_result_data[49]_UPF_ISO
                                                                              | LSUPENCLX2_RVT     | ISO_COMPUTE_OUT    |
| u_compute/result_data[51]
                         | LowConn  | Out      | snps_PD_COMPUTE__ISO_COMPUTE_OUT_snps_result_data[51]_UPF_ISO
                                                                              | LSUPENCLX2_RVT     | ISO_COMPUTE_OUT    |
| u_compute/result_data[52]
                         | LowConn  | Out      | snps_PD_COMPUTE__ISO_COMPUTE_OUT_snps_result_data[52]_UPF_ISO
                                                                              | LSUPENCLX2_RVT     | ISO_COMPUTE_OUT    |
| u_compute/result_data[55]
                         | LowConn  | Out      | snps_PD_COMPUTE__ISO_COMPUTE_OUT_snps_result_data[55]_UPF_ISO
                                                                              | LSUPENCLX2_RVT     | ISO_COMPUTE_OUT    |
| u_compute/result_data[57]
                         | LowConn  | Out      | snps_PD_COMPUTE__ISO_COMPUTE_OUT_snps_result_data[57]_UPF_ISO
                                                                              | LSUPENCLX2_RVT     | ISO_COMPUTE_OUT    |
| u_compute/result_data[59]
                         | LowConn  | Out      | snps_PD_COMPUTE__ISO_COMPUTE_OUT_snps_result_data[59]_UPF_ISO
                                                                              | LSUPENCLX2_RVT     | ISO_COMPUTE_OUT    |
| u_compute/result_data[65]
                         | LowConn  | Out      | snps_PD_COMPUTE__ISO_COMPUTE_OUT_snps_result_data[65]_UPF_ISO
                                                                              | LSUPENCLX2_RVT     | ISO_COMPUTE_OUT    |
| u_compute/result_data[68]
                         | LowConn  | Out      | snps_PD_COMPUTE__ISO_COMPUTE_OUT_snps_result_data[68]_UPF_ISO
                                                                              | LSUPENCLX2_RVT     | ISO_COMPUTE_OUT    |
| u_compute/result_data[70]
                         | LowConn  | Out      | snps_PD_COMPUTE__ISO_COMPUTE_OUT_snps_result_data[70]_UPF_ISO
                                                                              | LSUPENCLX2_RVT     | ISO_COMPUTE_OUT    |
| u_compute/result_data[71]
                         | LowConn  | Out      | snps_PD_COMPUTE__ISO_COMPUTE_OUT_snps_result_data[71]_UPF_ISO
                                                                              | LSUPENCLX2_RVT     | ISO_COMPUTE_OUT    |
| u_compute/result_data[75]
                         | LowConn  | Out      | snps_PD_COMPUTE__ISO_COMPUTE_OUT_snps_result_data[75]_UPF_ISO
                                                                              | LSUPENCLX2_RVT     | ISO_COMPUTE_OUT    |
| u_compute/result_data[76]
                         | LowConn  | Out      | snps_PD_COMPUTE__ISO_COMPUTE_OUT_snps_result_data[76]_UPF_ISO
                                                                              | LSUPENCLX2_RVT     | ISO_COMPUTE_OUT    |
| u_compute/result_data[77]
                         | LowConn  | Out      | snps_PD_COMPUTE__ISO_COMPUTE_OUT_snps_result_data[77]_UPF_ISO
                                                                              | LSUPENCLX2_RVT     | ISO_COMPUTE_OUT    |
| u_compute/result_data[78]
                         | LowConn  | Out      | snps_PD_COMPUTE__ISO_COMPUTE_OUT_snps_result_data[78]_UPF_ISO
                                                                              | LSUPENCLX2_RVT     | ISO_COMPUTE_OUT    |
| u_compute/result_data[79]
                         | LowConn  | Out      | snps_PD_COMPUTE__ISO_COMPUTE_OUT_snps_result_data[79]_UPF_ISO
                                                                              | LSUPENCLX2_RVT     | ISO_COMPUTE_OUT    |
| u_compute/result_data[80]
                         | LowConn  | Out      | snps_PD_COMPUTE__ISO_COMPUTE_OUT_snps_result_data[80]_UPF_ISO
                                                                              | LSUPENCLX2_RVT     | ISO_COMPUTE_OUT    |
| u_compute/result_data[81]
                         | LowConn  | Out      | snps_PD_COMPUTE__ISO_COMPUTE_OUT_snps_result_data[81]_UPF_ISO
                                                                              | LSUPENCLX2_RVT     | ISO_COMPUTE_OUT    |
| u_compute/result_data[94]
                         | LowConn  | Out      | snps_PD_COMPUTE__ISO_COMPUTE_OUT_snps_result_data[94]_UPF_ISO
                                                                              | LSUPENCLX2_RVT     | ISO_COMPUTE_OUT    |
| u_compute/result_data[95]
                         | LowConn  | Out      | snps_PD_COMPUTE__ISO_COMPUTE_OUT_snps_result_data[95]_UPF_ISO
                                                                              | LSUPENCLX2_RVT     | ISO_COMPUTE_OUT    |
| u_compute/result_data[108]
                         | LowConn  | Out      | snps_PD_COMPUTE__ISO_COMPUTE_OUT_snps_result_data[108]_UPF_ISO
                                                                              | LSUPENCLX2_RVT     | ISO_COMPUTE_OUT    |
| u_compute/result_data[112]
                         | LowConn  | Out      | snps_PD_COMPUTE__ISO_COMPUTE_OUT_snps_result_data[112]_UPF_ISO
                                                                              | LSUPENCLX2_RVT     | ISO_COMPUTE_OUT    |
| u_compute/result_data[114]
                         | LowConn  | Out      | snps_PD_COMPUTE__ISO_COMPUTE_OUT_snps_result_data[114]_UPF_ISO
                                                                              | LSUPENCLX2_RVT     | ISO_COMPUTE_OUT    |
| u_compute/result_data[138]
                         | LowConn  | Out      | snps_PD_COMPUTE__ISO_COMPUTE_OUT_snps_result_data[138]_UPF_ISO
                                                                              | LSUPENCLX2_RVT     | ISO_COMPUTE_OUT    |
| u_compute/result_data[161]
                         | LowConn  | Out      | snps_PD_COMPUTE__ISO_COMPUTE_OUT_snps_result_data[161]_UPF_ISO
                                                                              | LSUPENCLX2_RVT     | ISO_COMPUTE_OUT    |
| u_compute/result_data[166]
                         | LowConn  | Out      | snps_PD_COMPUTE__ISO_COMPUTE_OUT_snps_result_data[166]_UPF_ISO
                                                                              | LSUPENCLX2_RVT     | ISO_COMPUTE_OUT    |
| u_compute/result_data[174]
                         | LowConn  | Out      | snps_PD_COMPUTE__ISO_COMPUTE_OUT_snps_result_data[174]_UPF_ISO
                                                                              | LSUPENCLX2_RVT     | ISO_COMPUTE_OUT    |
| u_compute/result_data[176]
                         | LowConn  | Out      | snps_PD_COMPUTE__ISO_COMPUTE_OUT_snps_result_data[176]_UPF_ISO
                                                                              | LSUPENCLX2_RVT     | ISO_COMPUTE_OUT    |
| u_compute/result_data[181]
                         | LowConn  | Out      | snps_PD_COMPUTE__ISO_COMPUTE_OUT_snps_result_data[181]_UPF_ISO
                                                                              | LSUPENCLX2_RVT     | ISO_COMPUTE_OUT    |
| u_compute/result_data[184]
                         | LowConn  | Out      | snps_PD_COMPUTE__ISO_COMPUTE_OUT_snps_result_data[184]_UPF_ISO
                                                                              | LSUPENCLX2_RVT     | ISO_COMPUTE_OUT    |
| u_compute/result_data[189]
                         | LowConn  | Out      | snps_PD_COMPUTE__ISO_COMPUTE_OUT_snps_result_data[189]_UPF_ISO
                                                                              | LSUPENCLX2_RVT     | ISO_COMPUTE_OUT    |
| u_compute/result_data[225]
                         | LowConn  | Out      | snps_PD_COMPUTE__ISO_COMPUTE_OUT_snps_result_data[225]_UPF_ISO
                                                                              | LSUPENCLX2_RVT     | ISO_COMPUTE_OUT    |
| u_compute/result_data[229]
                         | LowConn  | Out      | snps_PD_COMPUTE__ISO_COMPUTE_OUT_snps_result_data[229]_UPF_ISO
                                                                              | LSUPENCLX2_RVT     | ISO_COMPUTE_OUT    |
| u_compute/result_data[240]
                         | LowConn  | Out      | snps_PD_COMPUTE__ISO_COMPUTE_OUT_snps_result_data[240]_UPF_ISO
                                                                              | LSUPENCLX2_RVT     | ISO_COMPUTE_OUT    |
| u_compute/result_data[251]
                         | LowConn  | Out      | snps_PD_COMPUTE__ISO_COMPUTE_OUT_snps_result_data[251]_UPF_ISO
                                                                              | LSUPENCLX2_RVT     | ISO_COMPUTE_OUT    |
| u_compute/done         | LowConn  | Out      | snps_PD_COMPUTE__ISO_COMPUTE_OUT_snps_done_UPF_ISO
                                                                              | LSUPENCLX2_RVT     | ISO_COMPUTE_OUT    |
=========================================================================================================================

------------------------------------------------------------------------------------------------------------------------------------------------
1
